```rust
use pavex::cookie::RequestCookies;
use pavex::get;
use pavex::response::Response;

#[get(path = "/")]
pub fn get_all(request_cookies: &RequestCookies) -> Response {
    let cookies_values: Vec<_> = match request_cookies.get_all("origin") {
        Some(cookies) => cookies.values().collect(),
        None => Vec::new(),
    };
    // [...]
}
```