```rust hl_lines="7 9"
use pavex::{Blueprint, blueprint::from, cookie::INJECT_RESPONSE_COOKIES};

pub fn blueprint() -> Blueprint {
    let mut bp = Blueprint::new();
    bp.import(from![
        // Other imports [...]
        pavex // (1)!
    ]);
    bp.post_process(INJECT_RESPONSE_COOKIES); // (2)!
    // [...]
}
```