```rust hl_lines="8"
use pavex::Response;
use pavex::post_process;
use pavex_tracing::{
    RootSpan,
    fields::{HTTP_RESPONSE_STATUS_CODE, http_response_status_code},
};

#[post_process]
pub fn response_logger(response: Response, root_span: &RootSpan) -> Response {
    root_span.record(
        HTTP_RESPONSE_STATUS_CODE,
        http_response_status_code(&response),
    );
    response
}
```