```rust title="src/urlencoded/routes.rs"
use pavex::http::StatusCode;
use pavex::request::body::UrlEncodedBody;

#[derive(serde::Deserialize)]
pub struct HomeListing {
    address: String,
    price: u64,
}

pub fn handler(body: &UrlEncodedBody<HomeListing>) -> StatusCode {
    println!("New home listing at {}, for ${}", body.0.address, body.0.price);
    // [...]
}
```