```rust hl_lines="12"
use pavex::http::StatusCode;
use pavex::post;
use pavex::request::body::JsonBody;

#[derive(serde::Deserialize)]
pub struct HomeListing {
    address: String,
    price: u64,
}

#[post(path = "/listing")]
pub fn create_listing(body: &JsonBody<HomeListing> /* (1)! */) -> StatusCode {
    println!(
        "The home you want to sell for ${} is located in {}",
        body.0.price, body.0.address
    );
    // [...]
}
```