```rust title="src/catch_all/blueprint.rs" hl_lines="7"
use pavex::blueprint::router::GET;
use pavex::blueprint::Blueprint;
use pavex::f;

pub fn bp() -> Blueprint {
    let mut bp = Blueprint::new();
    bp.domain("{*any}.pavex.dev").nest(sub_bp());
    bp
}

fn sub_bp() -> Blueprint {
    let mut bp = Blueprint::new();
    bp.route(GET, "/", f!(super::handler));
    // Other routes...
    bp
}
```