```rust title="src/static_/blueprint.rs" hl_lines="7"
use pavex::blueprint::router::GET;
use pavex::blueprint::Blueprint;
use pavex::f;

pub fn bp() -> Blueprint {
    let mut bp = Blueprint::new();
    bp.domain("pavex.dev").nest(pavex_bp());
    bp
}

fn pavex_bp() -> Blueprint {
    let mut bp = Blueprint::new();
    bp.route(GET, "/", f!(super::index));
    // Other routes...
    bp
}
```