```rust title="src/fallback/blueprint.rs" hl_lines="9"
use pavex::blueprint::Blueprint;
use pavex::f;

pub fn bp() -> Blueprint {
    let mut bp = Blueprint::new();
    bp.domain("pavex.dev").nest(website_bp());
    bp.domain("api.pavex.dev").prefix("/v1").nest(api_bp());
    // If no domain matches, serve a 404 page.
    bp.fallback(f!(super::unknown_domain));
    bp
}
```