```rust title="app/src/blueprint.rs" hl_lines="9 10 11 12 13"
// [...]
pub fn blueprint() -> Blueprint {
    let mut bp = Blueprint::new();
    ApiKit::new().register(&mut bp);
    telemetry::register(&mut bp);
    AppConfig::register(&mut bp);

    bp.route(GET, "/api/ping", f!(crate::routes::status::ping));
    bp.route(
        GET,
        "/api/greet/:name", /* (1)! */
        f!(crate::routes::greet::greet),
    );
    bp
}
```