```rust title="demo/src/routes/greet.rs"
use pavex::request::route::RouteParams;
use pavex::response::Response;

#[RouteParams]
pub struct GreetParams {
    pub name: String,
}

pub fn greet(params: RouteParams<GreetParams>) -> Response {
    let GreetParams { name }/* (1)! */ = params.0;
    Response::ok() // (2)!
        .set_typed_body(format!("Hello, {name}!")) // (3)!
        .box_body()
}
```