```rust title="app/src/routes/greet.rs"
use pavex::request::path::PathParams;
use pavex::response::Response;

#[PathParams]
pub struct GreetParams {
    pub name: String,
}

pub fn get(params: PathParams<GreetParams>) -> Response {
    let GreetParams { name }/* (1)! */ = params.0;
    Response::ok() // (2)!
        .set_typed_body(format!("Hello, {name}!")) // (3)!
}
```