[31;1mERROR[0m:
  [31m×[0m I can't find a constructor for `app::user_agent::UserAgent`.
  [31m│[0m I need an instance of `app::user_agent::UserAgent` to invoke your request
  [31m│[0m handler, `app::routes::greet::get`.
  [31m│[0m
  [31m│[0m     ╭─[[36;1;4mapp/src/routes/mod.rs[0m:8:1]
  [31m│[0m  [2m 8[0m │     bp.route(GET, "/api/ping", f!(self::ping::get));
  [31m│[0m  [2m 9[0m │     bp.route(GET, "/api/greet/{name}", f!(self::greet::get));
  [31m│[0m     · [35;1m                                       ──────────┬─────────[0m
  [31m│[0m     ·        [35;1mThe request handler was registered here ──╯[0m
  [31m│[0m  [2m10[0m │ }
  [31m│[0m     ╰────
  [31m│[0m     ╭─[[36;1;4mapp/src/routes/greet.rs[0m:10:1]
  [31m│[0m  [2m10[0m │ 
  [31m│[0m  [2m11[0m │ pub fn get(params: PathParams<GreetParams>, user_agent: UserAgent) -> Response {
  [31m│[0m     · [35;1m                                            ──────────┬──────────[0m
  [31m│[0m     ·        [35;1mI don't know how to construct an instance of this input parameter[0m
  [31m│[0m  [2m12[0m │     if let UserAgent::Unknown = user_agent {
  [31m│[0m     ╰────
  [31m│[0m   [36mhelp:[0m Register a constructor for `app::user_agent::UserAgent`.
  [31m│[0m   [36mhelp:[0m Alternatively, use `Blueprint::prebuilt` to add a new input
  [31m│[0m         parameter of type `app::user_agent::UserAgent` to the (generated)
  [31m│[0m         `ApplicationState::new` method.
