[31;1mERROR[0m:
  [31m×[0m You registered a constructor that returns a `Result`, but you did not
  [31m│[0m register an error handler for it. If I don't have an error handler, I
  [31m│[0m don't know what to do with the error when the constructor fails!
  [31m│[0m
  [31m│[0m     ╭─[[36;1;4mapp/src/blueprint.rs[0m:12:1]
  [31m│[0m  [2m12[0m │     configuration::register(&mut bp);
  [31m│[0m  [2m13[0m │     bp.request_scoped(f!(crate::user_agent::UserAgent::extract));
  [31m│[0m     · [35;1m                      ────────────────────┬────────────────────[0m
  [31m│[0m     ·                [35;1mThe fallible constructor was registered here[0m
  [31m│[0m  [2m14[0m │ 
  [31m│[0m     ╰────
  [31m│[0m [36m  help: [0mAdd an error handler via `.error_handler`
