```rust title="app/src/blueprint.rs"
// [...]
pub fn blueprint() -> Blueprint {
    let mut bp = Blueprint::new();
    // Bring into scope all macro-annotated components
    // defined in the crates listed via `from!`.
    bp.import(from![
        // Local components, defined in this crate
        crate,
        // Components defined in the `pavex` crate,
        // by the framework itself.
        pavex,
    ]);

    telemetry::register(&mut bp);
    routes::register(&mut bp);
    bp
}
```