```rust
use pavex::get;
use pavex::http::StatusCode;
use pavex::request::path::PathParams;

#[PathParams]
pub struct GetUserParams {
    pub id: u64,
}

#[get(path = "/users/{id}")] /* (1)! */
pub fn parsed(params: &PathParams<GetUserParams>) -> StatusCode {
    println!("The user id is {}", params.0.id);
    // [...]
}
```