```rust hl_lines="9 11"
use crate::{
    logger::EMIT_ERROR_LOG,
    routes::{INDEX, LOGIN},
};
use pavex::Blueprint;

pub fn blueprint() -> Blueprint {
    let mut bp = Blueprint::new();
    bp.route(INDEX); // (1)!
    bp.error_observer(EMIT_ERROR_LOG);
    bp.route(LOGIN); // (2)!
    // [...]
}
```