```rust title="src/trait_methods/blueprint.rs" hl_lines="8"
use pavex::blueprint::constructor::Lifecycle;
use pavex::blueprint::Blueprint;
use pavex::f;

pub fn blueprint() -> Blueprint {
    let mut bp = Blueprint::new();
    bp.constructor(
        f!(<crate::User as super::WithId>::id),
        Lifecycle::RequestScoped,
    );
    // [...]
}
```