```rust title="src/non_static_methods/constructor.rs"
use pavex::request::RequestHead;

use crate::User;

pub struct UserStore(/* ... */);

impl UserStore {
    // [...]
    pub async fn retrieve(&self, request_head: &RequestHead) -> User {
        // The constructor logic goes here
        // [...]
    }
}
```