```rust hl_lines="6 8"
use pavex::Blueprint;

pub fn bp() -> Blueprint {
    let mut bp = Blueprint::new();
    // Serve the website from the root domain...
    bp.domain("pavex.dev").nest(website_bp());
    // ...while reserving a subdomain for the REST API.
    bp.domain("api.pavex.dev").prefix("/v1").nest(api_bp());
    // [...]
}
```