```rust title="app/src/routes/greet.rs" hl_lines="5"
// [...]
#[get(path = "/greet/{name}")]
pub fn greet(
    params: PathParams<GreetParams>,
    user_agent: UserAgent, /* (1)! */
) -> Response {
    if let UserAgent::Unknown = user_agent {
        let body = "You must provide a `User-Agent` header";
        return Response::unauthorized().set_typed_body(body);
    }
    // [...]
}
```