```rust title="app/src/blueprint.rs" hl_lines="8 9"
use crate::telemetry;
use pavex::{Blueprint, blueprint::from};

/// The main blueprint, defining all the components used in this API.
pub fn blueprint() -> Blueprint {
    // [...]
    bp.import(from![
        // Local components, defined in this crate
        crate,
        // Components defined in the `pavex` crate,
        // by the framework itself.
        pavex,
    ]);
    // [...]
}
```