[31;1mERROR[0m:
  [31m×[0m I can't find a constructor for `app::user_agent::UserAgent`.
  [31m│[0m I need an instance of `app::user_agent::UserAgent` to invoke
  [31m│[0m your request handler, `app::routes::greet::greet`.
  [31m│[0m
  [31m│[0m     ╭─[[36;1;4mquickstart/project/app/src/routes/greet.rs[0m:9:1]
  [31m│[0m  [2m 9[0m │     
  [31m│[0m  [2m10[0m │ [35;1m╭[0m[35;1m─[0m[35;1m▶[0m #[get(path = "/greet/{name}")]
  [31m│[0m  [2m11[0m │ [35;1m├[0m[35;1m─[0m[35;1m▶[0m pub fn greet(params: PathParams<GreetParams>, user_agent: UserAgent) -> Response {
  [31m│[0m     · [35;1m╰[0m[35;1m───[0m[35;1m─[0m [35;1mThe request handler was registered here[0m
  [31m│[0m  [2m12[0m │         if let UserAgent::Unknown = user_agent {
  [31m│[0m     ╰────
  [31m│[0m     ╭─[[36;1;4mquickstart/project/app/src/routes/greet.rs[0m:10:1]
  [31m│[0m  [2m10[0m │ #[get(path = "/greet/{name}")]
  [31m│[0m  [2m11[0m │ pub fn greet(params: PathParams<GreetParams>, user_agent: UserAgent) -> Response {
  [31m│[0m     · [35;1m                                              ──────────┬──────────[0m
  [31m│[0m     ·         [35;1mI don't know how to construct an instance of this input parameter[0m
  [31m│[0m  [2m12[0m │     if let UserAgent::Unknown = user_agent {
  [31m│[0m     ╰────
  [31m│[0m   [36mhelp:[0m Register a constructor for `app::user_agent::UserAgent`.
  [31m│[0m   [36mhelp:[0m Alternatively, use `Blueprint::prebuilt` to add a new
  [31m│[0m         input parameter of type `app::user_agent::UserAgent` to the
  [31m│[0m         (generated) `ApplicationState::new` method.

note: Rerun with `PAVEX_DEBUG=true` to display more error details.