```rust title="server/tests/integration/ping.rs" hl_lines="1 6 8"
use crate::helpers::TestApi; // (1)!
use pavex::http::StatusCode;

#[tokio::test]
async fn ping_works() {
    let api = TestApi::spawn().await; // (2)!

    let response = api.get_ping().await; // (3)!

    assert_eq!(response.status(), StatusCode::OK);
}
```