```rust title="app/src/user_agent.rs" hl_lines="7"
use pavex::http::header::{ToStrError, USER_AGENT};
// [...]

#[methods]
impl UserAgent {
    #[request_scoped]
    pub fn extract(request_head: &RequestHead) -> Result<Self, ToStrError /* (1)! */> {
        let Some(user_agent) = request_head.headers.get(USER_AGENT) else {
            return Ok(Self::Unknown);
        };

        user_agent.to_str().map(|s| UserAgent::Known(s.into()))
    }
}
```