```rust title="app/src/user_agent.rs"
use pavex::http::header::USER_AGENT;
use pavex::methods;
use pavex::request::RequestHead;
// [...]

#[methods]
impl UserAgent {
    #[request_scoped]
    pub fn extract(request_head: &RequestHead) -> Self {
        let Some(user_agent) = request_head.headers.get(USER_AGENT) else {
            return Self::Unknown;
        };

        match user_agent.to_str() {
            Ok(s) => Self::Known(s.into()),
            Err(_e) => todo!(),
        }
    }
}
```