```rust title="src/order3.rs"
use pavex::blueprint::router::GET;
use pavex::blueprint::Blueprint;
use pavex::f;

pub fn blueprint() -> Blueprint {
    let mut bp = Blueprint::new();
    bp.nest(nested());
    bp.wrap(f!(crate::first));
    bp
}

pub fn nested() -> Blueprint {
    let mut bp = Blueprint::new();
    bp.wrap(f!(crate::second));
    bp.route(GET, "/", f!(crate::handler));
    bp
}
```