```rust title="src/pre_only/blueprint.rs"
use pavex::blueprint::{Blueprint, router::GET};
use pavex::f;

pub fn blueprint() -> Blueprint {
    let mut bp = Blueprint::new();

    bp.pre_process(f!(crate::pre1));
    bp.pre_process(f!(crate::pre2));
    bp.route(GET, "/", f!(super::handler));

    bp
}
```