```rust title="src/order3.rs" hl_lines="7 8 9"
use pavex::blueprint::router::GET;
use pavex::blueprint::Blueprint;
use pavex::f;

pub fn blueprint() -> Blueprint {
    let mut bp = Blueprint::new();
    bp.wrap(f!(crate::first)); // (1)!
    bp.nest(nested());
    bp.wrap(f!(crate::second)); // (2)!
    bp
}

pub fn nested() -> Blueprint {
    let mut bp = Blueprint::new();
    bp.route(GET, "/", f!(crate::handler));
    bp
}
```