```rust title="src/fallible/blueprint.rs"
use pavex::blueprint::router::GET;
use pavex::blueprint::Blueprint;
use pavex::f;

pub fn blueprint() -> Blueprint {
    let mut bp = Blueprint::new();
    bp.post_process(f!(super::compress))
        .error_handler(f!(super::compression_error_handler));
        // [...]
    bp
}
```