```rust title="src/blueprint.rs" hl_lines="7"
use pavex::blueprint::constructor::Lifecycle;
use pavex::blueprint::{router::GET, Blueprint};
use pavex::f;

pub fn blueprint() -> Blueprint {
    let mut bp = Blueprint::new();
    bp.constructor(f!(crate::user::User::extract), Lifecycle::RequestScoped);
    // [...]
}
```