```rust title="src/json/routes.rs" hl_lines="10"
use pavex::http::StatusCode;
use pavex::request::body::JsonBody;

#[derive(serde::Deserialize)]
pub struct HomeListing {
    address: String,
    price: u64,
}

pub fn handler(body: &JsonBody<HomeListing>) -> StatusCode {
    println!(
        "The home you are looking for is located in {} and it's being sold for ${}",
        body.0.address, body.0.price
    );
    // [...]
}
```