```rust hl_lines="12 14"
use pavex::methods;

pub enum User {
    Anonymous,
    Authenticated(AuthenticatedUser),
}

pub struct AuthenticatedUser {
    pub id: u64,
}

#[methods] // (1)!
impl User {
    #[request_scoped]
    pub fn extract() -> Self {
        // Business logic goes here
        // [...]
    }
}
```