```rust hl_lines="4 5"
use pavex::config;
use redact::Secret;

#[config(key = "database")]
#[derive(serde::Deserialize, Debug, Clone)] // (1)!
pub struct DatabaseConfig {
    pub username: String,
    pub password: Secret<String>,
    pub host: String,
    pub database_name: String,
    pub require_ssl: bool,
}
```