```rust
use pavex::get;
use pavex::http::StatusCode;
use pavex::request::query::QueryParams;

#[derive(serde::Deserialize)]
pub struct SearchParams {
    pub sorted: bool,
}

#[get(path = "/search")]
pub fn search(params: &QueryParams<SearchParams>) -> StatusCode {
    if params.0.sorted {
        println!("The search is sorted");
    }
    // [...]
}
```