[31m[1mERROR[0m[39m: 
  [31m×[0m I can't find a constructor for `biscotti::ProcessorConfig`.
  [31m│[0m I need an instance of `biscotti::ProcessorConfig` to
  [31m│[0m invoke your constructor, `<pavex::cookie::Processor as
  [31m│[0m std::convert::From::<pavex::cookie::ProcessorConfig>>::from`.
  [31m│[0m
  [31m│[0m     ╭─[[36;1;4m../../../../../libs/pavex/src/cookie/kit.rs[0m:80:1]
  [31m│[0m  [2m80[0m │                     .error_handler(f!(super::errors::InjectResponseCookiesError::into_response));
  [31m│[0m  [2m81[0m │ [35;1m╭[0m[35;1m─[0m[35;1m▶[0m         let processor = Constructor::singleton(f!(<super::Processor as std::convert::From<
  [31m│[0m  [2m82[0m │ [35;1m│[0m               super::ProcessorConfig,
  [31m│[0m  [2m83[0m │ [35;1m├[0m[35;1m─[0m[35;1m▶[0m         >>::from))
  [31m│[0m     · [35;1m╰[0m[35;1m───[0m[35;1m─[0m [35;1mThe constructor was registered here[0m
  [31m│[0m  [2m84[0m │             .ignore(Lint::Unused);
  [31m│[0m     ╰────
  [31m│[0m   [36mhelp:[0m Register a constructor for `biscotti::ProcessorConfig`.
  [31m│[0m [36m  help: [0mAlternatively, use `Blueprint::prebuilt` to add a new input
  [31m│[0m         parameter of type `biscotti::ProcessorConfig` to the (generated)
  [31m│[0m         `build_application_state`.

Error: NonZeroExitCode(NonZeroExitCode { code: 1, command: "pavex [...] generate [...]" })
error: Failed to run `cookie_installation`, the code generator for package `cookie_installation_server_sdk`
