```rust title="src/core/mw.rs"
use pavex::middleware::Next;
use pavex::response::Response;
use std::future::IntoFuture;

pub async fn middleware<C>(next: Next<C>) -> Response
where
    C: IntoFuture<Output = Response>,
{
    println!("Before the handler");
    let response = next.await;
    println!("After the handler");
    response
}
```