```rust hl_lines="7 13"
use pavex::{Blueprint, get, http::StatusCode};

pub fn bp() -> Blueprint {
    let mut bp = Blueprint::new();
    bp.prefix("/prefix").nest({
        let mut bp = Blueprint::new();
        bp.route(HANDLER);
        bp
    });
    bp
}

#[get(path = "//path")]
pub fn handler() -> StatusCode {
    // [...]
}
```