```rust hl_lines="5 6"
use pavex::{Blueprint, blueprint::from, get, http::StatusCode};

pub fn bp() -> Blueprint {
    let mut bp = Blueprint::new();
    bp.prefix("/home").routes(from![self::home]);
    bp.route(INDEX);
    // [...]
}

#[get(path = "/")]
pub fn index() -> StatusCode {
    // [...]
}

pub mod home {
    use super::*;

    #[get(path = "/")]
    pub fn list_homes() -> StatusCode {
        // [...]
    }

    #[get(path = "/{home_id}")]
    pub fn get_home() -> StatusCode {
        // [...]
    }
}
```